[    0.000000] Initializing cgroup subsys cpuset
[    0.000000] Initializing cgroup subsys cpu
[    0.000000] Initializing cgroup subsys cpuacct
[    0.000000] Linux version 4.4.0-72-generic (buildd@lcy01-17) (gcc version 5.4.0 20160609 (Ubuntu 5.4.0-6ubuntu1~16.04.4) ) #93-Ubuntu SMP Fri Mar 31 14:07:41 UTC 2017 (Ubuntu 4.4.0-72.93-generic 4.4.49)
[    0.000000] Command line: BOOT_IMAGE=/boot/vmlinuz-4.4.0-72-generic root=UUID=c0e33e0d-ff09-415d-9ba2-24809f9a87c2 ro console=tty1 console=ttyS0
[    0.000000] KERNEL supported cpus:
[    0.000000]   Intel GenuineIntel
[    0.000000]   AMD AuthenticAMD
[    0.000000]   Centaur CentaurHauls
[    0.000000] x86/fpu: xstate_offset[2]:  576, xstate_sizes[2]:  256
[    0.000000] x86/fpu: Supporting XSAVE feature 0x01: 'x87 floating point registers'
[    0.000000] x86/fpu: Supporting XSAVE feature 0x02: 'SSE registers'
[    0.000000] x86/fpu: Supporting XSAVE feature 0x04: 'AVX registers'
[    0.000000] x86/fpu: Enabled xstate features 0x7, context size is 832 bytes, using 'standard' format.
[    0.000000] x86/fpu: Using 'lazy' FPU context switches.
[    0.000000] e820: BIOS-provided physical RAM map:
[    0.000000] BIOS-e820: [mem 0x0000000000000000-0x000000000009fbff] usable
[    0.000000] BIOS-e820: [mem 0x000000000009fc00-0x000000000009ffff] reserved
[    0.000000] BIOS-e820: [mem 0x00000000000f0000-0x00000000000fffff] reserved
[    0.000000] BIOS-e820: [mem 0x0000000000100000-0x000000003ffeffff] usable
[    0.000000] BIOS-e820: [mem 0x000000003fff0000-0x000000003fffffff] ACPI data
[    0.000000] BIOS-e820: [mem 0x00000000fec00000-0x00000000fec00fff] reserved
[    0.000000] BIOS-e820: [mem 0x00000000fee00000-0x00000000fee00fff] reserved
[    0.000000] BIOS-e820: [mem 0x00000000fffc0000-0x00000000ffffffff] reserved
[    0.000000] NX (Execute Disable) protection: active
[    0.000000] SMBIOS 2.5 present.
[    0.000000] Hypervisor detected: KVM
[    0.000000] e820: last_pfn = 0x3fff0 max_arch_pfn = 0x400000000
[    0.000000] MTRR: Disabled
[    0.000000] x86/PAT: MTRRs disabled, skipping PAT initialization too.
[    0.000000] x86/PAT: Configuration [0-7]: WB  WT  UC- UC  WB  WT  UC- UC  
[    0.000000] CPU MTRRs all blank - virtualized system.
[    0.000000] found SMP MP-table at [mem 0x0009fff0-0x0009ffff] mapped at [ffff88000009fff0]
[    0.000000] Scanning 1 areas for low memory corruption
[    0.000000] RAMDISK: [mem 0x36236000-0x37112fff]
[    0.000000] ACPI: Early table checksum verification disabled
[    0.000000] ACPI: RSDP 0x00000000000E0000 000024 (v02 VBOX  )
[    0.000000] ACPI: XSDT 0x000000003FFF0030 00003C (v01 VBOX   VBOXXSDT 00000001 ASL  00000061)
[    0.000000] ACPI: FACP 0x000000003FFF00F0 0000F4 (v04 VBOX   VBOXFACP 00000001 ASL  00000061)
[    0.000000] ACPI: DSDT 0x000000003FFF0470 0021C8 (v02 VBOX   VBOXBIOS 00000002 INTL 20100528)
[    0.000000] ACPI: FACS 0x000000003FFF0200 000040
[    0.000000] ACPI: FACS 0x000000003FFF0200 000040
[    0.000000] ACPI: APIC 0x000000003FFF0240 00005C (v02 VBOX   VBOXAPIC 00000001 ASL  00000061)
[    0.000000] ACPI: SSDT 0x000000003FFF02A0 0001CC (v01 VBOX   VBOXCPUT 00000002 INTL 20100528)
[    0.000000] No NUMA configuration found
[    0.000000] Faking a node at [mem 0x0000000000000000-0x000000003ffeffff]
[    0.000000] NODE_DATA(0) allocated [mem 0x3ffeb000-0x3ffeffff]
[    0.000000] kvm-clock: Using msrs 4b564d01 and 4b564d00
[    0.000000] kvm-clock: cpu 0, msr 0:3ffe3001, primary cpu clock
[    0.000000] kvm-clock: using sched offset of 3141381134 cycles
[    0.000000] clocksource: kvm-clock: mask: 0xffffffffffffffff max_cycles: 0x1cd42e4dffb, max_idle_ns: 881590591483 ns
[    0.000000] Zone ranges:
[    0.000000]   DMA      [mem 0x0000000000001000-0x0000000000ffffff]
[    0.000000]   DMA32    [mem 0x0000000001000000-0x000000003ffeffff]
[    0.000000]   Normal   empty
[    0.000000]   Device   empty
[    0.000000] Movable zone start for each node
[    0.000000] Early memory node ranges
[    0.000000]   node   0: [mem 0x0000000000001000-0x000000000009efff]
[    0.000000]   node   0: [mem 0x0000000000100000-0x000000003ffeffff]
[    0.000000] Initmem setup node 0 [mem 0x0000000000001000-0x000000003ffeffff]
[    0.000000] ACPI: PM-Timer IO Port: 0x4008
[    0.000000] IOAPIC[0]: apic_id 2, version 32, address 0xfec00000, GSI 0-23
[    0.000000] ACPI: INT_SRC_OVR (bus 0 bus_irq 0 global_irq 2 dfl dfl)
[    0.000000] ACPI: INT_SRC_OVR (bus 0 bus_irq 9 global_irq 9 high level)
[    0.000000] Using ACPI (MADT) for SMP configuration information
[    0.000000] smpboot: Allowing 2 CPUs, 0 hotplug CPUs
[    0.000000] PM: Registered nosave memory: [mem 0x00000000-0x00000fff]
[    0.000000] PM: Registered nosave memory: [mem 0x0009f000-0x0009ffff]
[    0.000000] PM: Registered nosave memory: [mem 0x000a0000-0x000effff]
[    0.000000] PM: Registered nosave memory: [mem 0x000f0000-0x000fffff]
[    0.000000] e820: [mem 0x40000000-0xfebfffff] available for PCI devices
[    0.000000] Booting paravirtualized kernel on KVM
[    0.000000] clocksource: refined-jiffies: mask: 0xffffffff max_cycles: 0xffffffff, max_idle_ns: 7645519600211568 ns
[    0.000000] setup_percpu: NR_CPUS:512 nr_cpumask_bits:512 nr_cpu_ids:2 nr_node_ids:1
[    0.000000] PERCPU: Embedded 33 pages/cpu @ffff88003fc00000 s98264 r8192 d28712 u1048576
[    0.000000] PV qspinlock hash table entries: 256 (order: 0, 4096 bytes)
[    0.000000] Built 1 zonelists in Node order, mobility grouping on.  Total pages: 257913
[    0.000000] Policy zone: DMA32
[    0.000000] Kernel command line: BOOT_IMAGE=/boot/vmlinuz-4.4.0-72-generic root=UUID=c0e33e0d-ff09-415d-9ba2-24809f9a87c2 ro console=tty1 console=ttyS0
[    0.000000] PID hash table entries: 4096 (order: 3, 32768 bytes)
[    0.000000] Memory: 997360K/1048120K available (8452K kernel code, 1293K rwdata, 3976K rodata, 1484K init, 1316K bss, 50760K reserved, 0K cma-reserved)
[    0.000000] SLUB: HWalign=64, Order=0-3, MinObjects=0, CPUs=2, Nodes=1
[    0.000000] Hierarchical RCU implementation.
[    0.000000] 	Build-time adjustment of leaf fanout to 64.
[    0.000000] 	RCU restricting CPUs from NR_CPUS=512 to nr_cpu_ids=2.
[    0.000000] RCU: Adjusting geometry for rcu_fanout_leaf=64, nr_cpu_ids=2
[    0.000000] NR_IRQS:33024 nr_irqs:440 16
[    0.000000] Console: colour VGA+ 80x25
[    0.000000] console [tty1] enabled
[    0.000000] console [ttyS0] enabled
[    0.000000] tsc: Detected 2793.532 MHz processor
[   12.831236] Calibrating delay loop (skipped) preset value.. 5587.06 BogoMIPS (lpj=11174128)
[   12.988689] pid_max: default: 32768 minimum: 301
[   13.074207] ACPI: Core revision 20150930
[   13.137314] ACPI: 2 ACPI AML tables successfully acquired and loaded
[   13.191370] Security Framework initialized
[   13.192064] Yama: becoming mindful.
[   13.277644] AppArmor: AppArmor initialized
[   13.369685] Dentry cache hash table entries: 131072 (order: 8, 1048576 bytes)
[   13.523137] Inode-cache hash table entries: 65536 (order: 7, 524288 bytes)
[   13.653995] Mount-cache hash table entries: 2048 (order: 2, 16384 bytes)
[   13.789349] Mountpoint-cache hash table entries: 2048 (order: 2, 16384 bytes)
[   13.919466] Initializing cgroup subsys io
[   13.957786] Initializing cgroup subsys memory
[   14.024070] Initializing cgroup subsys devices
[   14.107777] Initializing cgroup subsys freezer
[   14.195587] Initializing cgroup subsys net_cls
[   14.251622] Initializing cgroup subsys perf_event
[   14.295511] Initializing cgroup subsys net_prio
[   14.388555] Initializing cgroup subsys hugetlb
[   14.487282] Initializing cgroup subsys pids
[   14.570103] CPU: Physical Processor ID: 0
[   14.649425] CPU: Processor Core ID: 0
[   14.722579] mce: CPU supports 0 MCE banks
[   14.792052] Last level iTLB entries: 4KB 1024, 2MB 1024, 4MB 1024
[   14.900963] Last level dTLB entries: 4KB 1024, 2MB 1024, 4MB 1024, 1GB 4
[   15.029008] Freeing SMP alternatives memory: 32K (ffffffff820b8000 - ffffffff820c0000)
[   15.094257] ftrace: allocating 32111 entries in 126 pages
[   15.245540] smpboot: APIC(0) Converting physical 0 to logical package 0
[   15.350823] smpboot: Max logical packages: 1
[   15.383156] x2apic enabled
[   15.431957] Switched APIC routing to physical x2apic.
[   15.529413] ..TIMER: vector=0x30 apic1=0 pin1=2 apic2=-1 pin2=-1
[   15.751038] smpboot: CPU0: Intel(R) Core(TM) i7-4980HQ CPU @ 2.80GHz (family: 0x6, model: 0x46, stepping: 0x1)
[   15.978856] Performance Events: unsupported p6 CPU model 70 no PMU driver, software events only.
[   16.177231] KVM setup paravirtual spinlock
[   16.257639] x86: Booting SMP configuration:
[   16.349877] .... node  #0, CPUs:      #1
[   16.426438] kvm-clock: cpu 1, msr 0:3ffe3041, secondary cpu clock
[   16.450798] mce: CPU supports 0 MCE banks
[   16.465484] x86: Booted up 1 node, 2 CPUs
[   16.540944] smpboot: Total of 2 processors activated (11174.12 BogoMIPS)
[   16.548949] devtmpfs: initialized
[   16.615200] evm: security.selinux
[   16.688847] evm: security.SMACK64
[   16.763468] evm: security.SMACK64EXEC
[   16.863078] evm: security.SMACK64TRANSMUTE
[   16.958193] evm: security.SMACK64MMAP
[   17.038078] evm: security.ima
[   17.106530] evm: security.capability
[   17.177244] clocksource: jiffies: mask: 0xffffffff max_cycles: 0xffffffff, max_idle_ns: 7645041785100000 ns
[   17.331169] pinctrl core: initialized pinctrl subsystem
[   17.427642] RTC time: 21:51:42, date: 04/19/17
[   17.508387] NET: Registered protocol family 16
[   17.567299] cpuidle: using governor ladder
[   17.655952] cpuidle: using governor menu
[   17.741878] PCCT header not found.
[   17.832803] ACPI: bus type PCI registered
[   17.936518] acpiphp: ACPI Hot Plug PCI Controller Driver version: 0.5
[   18.082586] PCI: Using configuration type 1 for base access
[   18.216159] ACPI: Added _OSI(Module Device)
[   18.300205] ACPI: Added _OSI(Processor Device)
[   18.411744] ACPI: Added _OSI(3.0 _SCP Extensions)
[   18.508627] ACPI: Added _OSI(Processor Aggregator Device)
[   18.604508] ACPI: Executed 1 blocks of module-level executable AML code
[   18.678796] ACPI: Interpreter enabled
[   18.768535] ACPI: (supports S0 S5)
[   18.846074] ACPI: Using IOAPIC for interrupt routing
[   18.962792] PCI: Using host bridge windows from ACPI; if necessary, use "pci=nocrs" and report a bug
[   19.192567] ACPI: PCI Root Bridge [PCI0] (domain 0000 [bus 00-ff])
[   19.327224] acpi PNP0A03:00: _OSC: OS supports [ASPM ClockPM Segments MSI]
[   19.480773] acpi PNP0A03:00: _OSC failed (AE_NOT_FOUND); disabling ASPM
[   19.594154] acpi PNP0A03:00: fail to add MMCONFIG information, can't access extended PCI configuration space under this bridge.
[   19.730773] PCI host bridge to bus 0000:00
[   19.731403] pci_bus 0000:00: root bus resource [io  0x0000-0x0cf7 window]
[   19.732362] pci_bus 0000:00: root bus resource [io  0x0d00-0xffff window]
[   19.789859] pci_bus 0000:00: root bus resource [mem 0x000a0000-0x000bffff window]
[   19.978768] pci_bus 0000:00: root bus resource [mem 0x40000000-0xffdfffff window]
[   20.136724] pci_bus 0000:00: root bus resource [bus 00-ff]
[   20.242719] pci 0000:00:01.1: legacy IDE quirk: reg 0x10: [io  0x01f0-0x01f7]
[   20.388679] pci 0000:00:01.1: legacy IDE quirk: reg 0x14: [io  0x03f6]
[   20.551183] pci 0000:00:01.1: legacy IDE quirk: reg 0x18: [io  0x0170-0x0177]
[   20.714192] pci 0000:00:01.1: legacy IDE quirk: reg 0x1c: [io  0x0376]
[   20.822925] pci 0000:00:07.0: quirk: [io  0x4000-0x403f] claimed by PIIX4 ACPI
[   20.890640] pci 0000:00:07.0: quirk: [io  0x4100-0x410f] claimed by PIIX4 SMB
[   21.063094] ACPI: PCI Interrupt Link [LNKA] (IRQs 5 9 10 *11)
[   21.189801] ACPI: PCI Interrupt Link [LNKB] (IRQs 5 9 10 *11)
[   21.307640] ACPI: PCI Interrupt Link [LNKC] (IRQs 5 9 *10 11)
[   21.445994] ACPI: PCI Interrupt Link [LNKD] (IRQs 5 *9 10 11)
[   21.577910] ACPI: Enabled 2 GPEs in block 00 to 07
[   21.686019] vgaarb: setting as boot device: PCI:0000:00:02.0
[   21.808414] vgaarb: device added: PCI:0000:00:02.0,decodes=io+mem,owns=io+mem,locks=none
[   21.901762] vgaarb: loaded
[   21.930025] vgaarb: bridge control possible 0000:00:02.0
[   22.045046] SCSI subsystem initialized
[   22.137706] ACPI: bus type USB registered
[   22.229719] usbcore: registered new interface driver usbfs
[   22.325526] usbcore: registered new interface driver hub
[   22.451172] usbcore: registered new device driver usb
[   22.573637] PCI: Using ACPI for IRQ routing
[   22.659343] NetLabel: Initializing
[   22.728126] NetLabel:  domain hash size = 128
[   22.845389] NetLabel:  protocols = UNLABELED CIPSOv4
[   22.943280] NetLabel:  unlabeled traffic allowed by default
[   22.990212] amd_nb: Cannot enumerate AMD northbridges
[   23.050943] clocksource: Switched to clocksource kvm-clock
[   23.201438] AppArmor: AppArmor Filesystem Enabled
[   23.287802] pnp: PnP ACPI init
[   23.372497] pnp: PnP ACPI: found 3 devices
[   23.490725] clocksource: acpi_pm: mask: 0xffffff max_cycles: 0xffffff, max_idle_ns: 2085701024 ns
[   23.712438] NET: Registered protocol family 2
[   23.830507] TCP established hash table entries: 8192 (order: 4, 65536 bytes)
[   24.004129] TCP bind hash table entries: 8192 (order: 5, 131072 bytes)
[   24.151893] TCP: Hash tables configured (established 8192 bind 8192)
[   24.318512] UDP hash table entries: 512 (order: 2, 16384 bytes)
[   24.481726] UDP-Lite hash table entries: 512 (order: 2, 16384 bytes)
[   24.642681] NET: Registered protocol family 1
[   24.712112] pci 0000:00:00.0: Limiting direct PCI/PCI transfers
[   24.713561] pci 0000:00:01.0: Activating ISA DMA hang workarounds
[   24.886243] Unpacking initramfs...
[   25.169220] Freeing initrd memory: 15220K (ffff880036236000 - ffff880037113000)
[   25.340593] platform rtc_cmos: registered platform RTC device (no PNP device found)
[   25.546905] Scanning for low memory corruption every 60 seconds
[   25.684271] futex hash table entries: 512 (order: 3, 32768 bytes)
[   25.843899] audit: initializing netlink subsys (disabled)
[   25.982261] audit: type=2000 audit(1492638693.636:1): initialized
[   26.141206] Initialise system trusted keyring
[   26.215547] HugeTLB registered 2 MB page size, pre-allocated 0 pages
[   26.276504] zbud: loaded
[   26.340829] tsc: Refined TSC clocksource calibration: 2792.206 MHz
[   26.340832] clocksource: tsc: mask: 0xffffffffffffffff max_cycles: 0x283f7e39c67, max_idle_ns: 440795303119 ns
[   26.377118] VFS: Disk quotas dquot_6.6.0
[   26.545166] VFS: Dquot-cache hash table entries: 512 (order 0, 4096 bytes)
[   26.775363] squashfs: version 4.0 (2009/01/31) Phillip Lougher
[   26.960243] fuse init (API version 7.23)
[   27.059631] Key type big_key registered
[   27.152383] Allocating IMA MOK and blackiist keyrings.
[   27.301402] Key type asymmetric registered
[   27.321592] Asymmetric key parser 'x509' registered
[   27.344101] Block layer SCSI generic (bsg) driver version 0.4 loaded (major 249)
[   27.345279] io scheduler noop registered
[   27.345904] io scheduler deadline registered (default)
[   27.346648] io scheduler cfq registered
[   27.349285] pci_hotplug: PCI Hot Plu  PCI Core version: 0.5
[   27.536257] pciehp: PCI Express Hot Plug Controller Driver version: 0.4
[   27.569367] ACPI: AC Adapter [AC] (on-line)
[   27.604157] input: Power Button as /devices/LNXSYSTM:00/LNXPWRBN:00/input/input0
[   27.624771] ACPI: Power Button [PWRF]
[   27.638330] input: Sleep Button as /devices/LNXSYSTM:00/LNXSLPBN:00/input/input1
[   27.644573] ACPI: Sleep Button [SLPF]
[   27.646170] ACPI: Battery Slot [BAT0] (battery present)
[   27.653845] GHES: HEST is not enabled!
[   27.783542] Serial: 8250/16550 driver, 32 ports, IRQ sharing enabled
[   27.930303] 00:02: ttyS0 at I/O 0x3f8 (irq = 4, base_baud = 115200) is a 16550A
[   28.103902] Linux agpgart interface v0.103
[   28.314965] loop: module loaded
[   28.386565] scsi host0: ata_piix
[   28.454069] scsi host1: ata_piix
[   28.531278] ata1: PATA max UDMA/33 cmd 0x1f0 ctl 0x3f6 bmdma 0xd000 irq 14
[   28.712900] ata2: PATA max UDMA/33 cmd 0x170 ctl 0x376 bmdma 0xd008 irq 15
[   28.885405] libphy: Fixed MDIO Bus: probed
[   29.004150] tun: Universal TUN/TAP device driver, 1.6
[   29.139730] tun: (C) 1999-2004 Max Krasnyansky <maxk@qualcomm.com>
[   29.246068] PPP generic driver version 2.4.2
[   29.308178] ehci_hcd: USB 2.0 'Enhanced' Host Controller (EHCI) Driver
[   29.414677] ehci-pci: EHCI PCI platform driver
[   29.520161] ehci-platform: EHCI generic platform driver
[   29.627479] ohci_hcd: USB 1.1 'Open' Host Controller (OHCI) Driver
[   29.810094] ohci-pci: OHCI PCI platform driver
[   29.927996] ohci-platform: OHCI generic platform driver
[   30.076054] uhci_hcd: USB Universal Host Controller Interface driver
[   30.250029] i8042: PNP: PS/2 Controller [PNP0303:PS2K,PNP0f03:PS2M] at 0x60,0x64 irq 1,12
[   30.475133] serio: i8042 KBD port at 0x60,0x64 irq 1
[   30.561487] serio: i8042 AUX port at 0x60,0x64 irq 12
[   30.665667] mousedev: PS/2 mouse device common for all mice
[   30.812308] input: AT Translated Set 2 keyboard as /devices/platform/i8042/serio0/input/input2
[   31.029806] rtc_cmos rtc_cmos: rtc core: registered rtc_cmos as rtc0
[   31.189668] rtc_cmos rtc_cmos: alarms up to one day, 114 bytes nvram
[   31.360973] i2c /dev entries driver
[   31.471185]ddevice-mapper: uevent: version 1.0.3
[   31.639811] device-mapper: ioctl: 4.34.0-ioctl (2015-10-28) initialised: dm-devel@redhat.com
[   31.831315] ledtrig-cpu: registered to indicate activity on CPUs
[   31.984719] NET: Registered protocol family 10
[   32.093040] NET: Registered protocol family 17
[   32.203677] Key type dns_resolver registered
[   32.261060] microcode: CPU0 sig=0x40661, pf=0x40, revision=0x0
[   32.407512] microcode: CPU1 sig=0x40661, pf=0x40, revision=0x0
[   32.441512] microcode: Microcode Update Driver: v2.01 <tigran@aivazian.fsnet.co.uk>, Peter Oruba
[   32.670519] registered taskstats version 1
[   32.744624] Loading compiled-in X.509 certificates
[   32.821369] Loaded X.509 cert 'Build time autogenerated kernel key: 04ae903e4643330d1fe41947e79c28b436494994'
[   33.063738] zswap: loaded using pool lzo/zbud
[   33.177579] Key type trusted registered
[   33.267410] Key type encrypted registered
[   33.363597] AppArmor: AppArmor sha1 policy hashing enabled
[   33.496781] ima: No TPM chip found, activating TPM-bypass!
[   33.635558] evm: HMAC attrs: 0x1
[   33.720663]   Magic number: 13:981:904
[   33.811029] rtc_cmos rtc_cmos: setting system clock to 2017-04-19 21:51:58 UTC (1492638718)
[   34.035589] BIOS EDD facility v0.16 2004-Jun-25, 0 devices found
[   34.197759] EDD information not available.
[   34.296177] Freeing unused kernel memory: 1484K (ffffffff81f45000 - ffffffff820b8000)
[   34.523683] Write protecting the kernel read-only data: 14336k
[   34.692334] Freeing unused kernel memory: 1776K (ffff880001844000 - ffff880001a00000)
[   34.876540] Freeing unused kernel memory: 120K (ffff880001de2000 - ffff880001e00000)
Loading, please [   34.966103] random: systemd-udevd: uninitialized urandom read (16 bytes read, 4 bits of entropy available)
wait...
startin[   34.966594] random: udevadm: uninitialized urandom read (16 bytes read, 4 bits of entropy available)
g version 229
[   34.966621] random: udevadm: uninitialized urandom read (16 bytes read, 4 bits of entropy available)
[   34.966701] random: udevadm: uninitialized urandom read (16 bytes read, 4 bits of entropy available)
[   34.966731] random: udevadm: uninitialized urandom read (16 bytes read, 4 bits of entropy available)
[   34.966760] random: udevadm: uninitialized urandom read (16 bytes read, 4 bits of entropy available)
[   34.966788] random: udevadm: uninitialized urandom read (16 bytes read, 4 bits of entropy available)
[   34.966816] random: udevadm: uninitialized urandom read (16 bytes read, 4 bits of entropy available)
[   34.966844] random: udevadm: uninitialized urandom read (16 bytes read, 4 bits of entropy available)
[   34.966871] random: udevadm: uninitialized urandom read (16 bytes read, 4 bits of entropy available)
[   36.995289] e1000: Intel(R) PRO/1000 Network Driver - version 7.3.21-k8-NAPI
[   37.084983] e1000: Copyright (c) 1999-2006 Intel Corporation.
[   37.147481] Fusion MPT base driver 3.04.20
[   37.215341] Copyright (c) 1999-2008 LSI Corporation
[   37.322042] Fusion MPT SPI Host driver 3.04.20
[   37.439113] AVX version of gcm_enc/dec engaged.
[   37.555425] AES CTR mode by8 optimization enabled
[   37.680011] input: ImExPS/2 Generic Explorer Mouse as /devices/platform/i8042/serio1/input/input4
[   37.938748] e1000 0000:00:03.0 eth0: (PCI:33MHz:32-bit) 02:ed:55:e6:81:b9
[   38.147279] e1000 0000:00:03.0 eth0: Intel(R) PRO/1000 Network Connection
[   38.180077] mptbase: ioc0: Initiating bringup
[   38.339210] ioc0: LSI53C1030 A0: Capabilities={Initiator}
[   38.705231] scsi host2: ioc0: LSI53C1030 A0, FwRev=00000000h, Ports=1, MaxQ=256, IRQ=20
[   39.128110] scsi 2:0:0:0: Direct-Access     VBOX     HARDDISK         1.0  PQ: 0 ANSI: 5
[   39.247581] scsi target2:0:0: Beginning Domain Validation
[   39.269223] scsi target2:0:0: Domain Validation skipping write tests
[   39.340362] scsi target2:0:0: Ending Domain Validation
[   39.460819] scsi target2:0:0: asynchronous
[   39.558535] scsi 2:0:1:0: Direct-Access     VBOX     HARDDISK         1.0  PQ: 0 ANSI: 5
[   39.651032] e1000 0000:00:08.0 eth1: (PCI:33MHz:32-bit) 08:00:27:a2:50:36
[   39.651035] e1000 0000:00:08.0 eth1: Intel(R) PRO/1000 Network Connection
[   39.879669] e1000 0000:00:08.0 enp0s8: renamed from eth1
[   40.281182] scsi target2:0:1: Beginning Domain Validation
[   40.323413] floppy0: no floppy controllers found
[   40.360693] scsi target2:0:1: Domain Validation skipping write tests
[   40.369433] e1000 0000:00:03.0 enp0s3: renamed from eth0
[   40.707983] scsi target2:0:1: Ending Domain Validation
[   40.864370] scsi target2:0:1: asynchronous
[   40.979861] sd 2:0:0:0: Attached scsi generic sg0 type 0
[   40.979953] sd 2:0:0:0: [sda] 20971520 512-byte logical blocks: (10.7 GB/10.0 GiB)
[   40.980052] sd 2:0:0:0: [sda] Write Protect is off
[   40.980123] sd 2:0:0:0: [sda] Incomplete mode parameter data
[   40.980124] sd 2:0:0:0: [sda] Assuming drive cache: write through
[   40.981657]  sda: sda1
[   40.982232] sd 2:0:0:0: [sda] Attached SCSI disk
[   41.253130] sd 2:0:1:0: Attached scsi generic sg1 type 0
[   41.253210] sd 2:0:1:0: [sdb] 20480 512-byte logical blocks: (10.5 MB/10.0 MiB)
[   41.253352] sd 2:0:1:0: [sdb] Write Protect is off
[   41.253428] sd 2:0:1:0: [sdb] Incomplete mode parameter data
[   41.253429] sd 2:0:1:0: [sdb] Assuming drive cache: write through
[   41.254550] sd 2:0:1:0: [sdb] Attached SCSI disk
Begin: Loading e[   43.000948] md: linear personality registered for level -1
ssential drivers[   43.211308] md: multipath personality registered for level -4
 ... [   43.379572] md: raid0 personality registered for level 0
[   43.560102] md: raid1 personality registered for level 1
[   43.679297] raid6: sse2x1   gen() 10762 MB/s
[   43.907700] raid6: sse2x1   xor()  8635 MB/s
[   44.099328] raid6: sse2x2   gen() 15157 MB/s
[   44.308308] raid6: sse2x2   xor() 10619 MB/s
[   44.523307] raid6: sse2x4   gen() 16535 MB/s
[   44.707010] raid6: sse2x4   xor() 10754 MB/s
[   44.860008] raid6: using algorithm sse2x4 gen() 16535 MB/s
[   45.042659] raid6: .... xor() 10754 MB/s, rmw enabled
[   45.177993] raid6: using ssse3x2 recovery algorithm
[   45.336074] xor: automatically using best checksumming function:
[   45.515438]    avx       : 22994.000 MB/sec
[   45.575558] async_tx: api initialized (async)
[   45.585309] md: raid6 personality registered for level 6
[   45.604490] md: raid5 personality registered for level 5
[   45.605396] md: raid4 personality registered for level 4
[   45.689200] md: raid10 personality registered for level 10
done.
Begin: Running /scripts/init-premount ...[   45.775276] Btrfs loaded
 done.
Begin: Mounting root fil[   45.802028] EXT4-fs (sda1): mounted filesystem with ordered data mode. Opts: (null)
e system ... Begin: Running /scripts/local-top ... done.
Begin: Running /scripts/local-premount ... Scanning for Btrfs filesystems
done.
Warning: fsck not present, so skipping root file system
done.
Begin: Running /scripts/local-bottom ... done.
Begin: Running /scripts/init-bottom ... done.
[   45.979949] systemd[1]: systemd 229 running in system mode. (+PAM +AUDIT +SELINUX +IMA +APPARMOR +SMACK +SYSVINIT +UTMP +LIBCRYPTSETUP +GCRYPT +GNUTLS +ACL +XZ -LZ4 +SECCOMP +BLKID +ELFUTILS +KMOD -IDN)
[   46.053259] systemd[1]: Detected virtualization oracle.
[   46.054037] systemd[1]: Detected architecture x86-64.

Welcome to [1mUbuntu 16.04.2 LTS[0m!

[   46.120418] systemd[1]: Set hostname to <control>.
[   46.303803] systemd[1]: Created slice User and Session Slice.
[[0;32m  OK  [0m] Created slice User and Session Slice.
[   46.483479] systemd[1]: Set up automount Arbitrary Executable File Formats File System Automount Point.
[[0;32m  OK  [0m] Set up automount Arbitrary Executab...ats File System Automount Point.
[   46.795558] systemd[1]: Reached target Encrypted Volumes.
[[0;32m  OK  [0m] Reached target Encrypted Volumes.
[   46.919488] systemd[1]: Listening on udev Kernel Socket.
[[0;32m  OK  [0m] Listening on udev Kernel Socket.
[   47.113808] systemd[1]: Listening on Device-mapper event daemon FIFOs.
[[0;32m  OK  [0m] Listening on Device-mapper event daemon FIFOs.
[   47.351773] systemd[1]: Reached target User and Group Name Lookups.
[[0;32m  OK  [0m] Reached target User and Group Name Lookups.
[   47.599486] systemd[1]: Listening on LVM2 poll daemon socket.
[[0;32m  OK  [0m] Listening on LVM2 poll daemon socket.
[   47.807819] systemd[1]: Created slice System Slice.
[[0;32m  OK  [0m] Created slice System Slice.
[   47.947580] systemd[1]: Reached target Slices.
[[0;32m  OK  [0m] Reached target Slices.
[   48.095448] systemd[1]: Listening on Syslog Socket.
[[0;32m  OK  [0m] Listening on Syslog Socket.
[   48.263965] systemd[1]: Listening on Journal Audit Socket.
[[0;32m  OK  [0m] Listening on Journal Audit Socket.
[   48.475728] systemd[1]: Listening on /dev/initctl Compatibility Named Pipe.
[[0;32m  OK  [0m] Listening on /dev/initctl Compatibility Named Pipe.
[   48.707559] systemd[1]: Reached target Swap.
[[0;32m  OK  [0m] Reached target Swap.
[   48.871475] systemd[1]: Listening on Journal Socket (/dev/log).
[[0;32m  OK  [0m] Listening on Journal Socket (/dev/log).
[   49.027732] systemd[1]: Listening on LVM2 metadata daemon socket.
[[0;32m  OK  [0m] Listening on LVM2 metadata daemon socket.
[   49.030045] systemd[1]: Created slice system-serial\x2dgetty.slice.
[[0;32m  OK  [0m] Created slice system-serial\x2dgetty.slice.
[   49.083523] systemd[1]: Started Forward Password Requests to Wall Directory Watch.
[[0;32m  OK  [0m] Started Forward Password Requests to Wall Directory Watch.
[   49.307454] systemd[1]: Listening on Journal Socket.
[[0;32m  OK  [0m] Listening on Journal Socket.
[   49.495690] systemd[1]: Starting Load Kernel Modules...
         Starting Load Ke[   49.625125] Loading iSCSI transport class v2.0-870.
rnel Modules...[   49.781932] random: nonblocking pool is initialized

[   50.020806] systemd[1]: Mounting Huge Pages File System...
         [   50.059346] iscsi: registered transport (tcp)
Mounting Huge Pages File System...
[   50.101747] iscsi: registered transport (iser)
[   50.127519] systemd[1]: Starting Create list of required static device nodes for the current kernel...
         Starting Create list of required st... nodes for the current kernel...
[   50.403613] systemd[1]: Starting Uncomplicated firewall...
         Starting Uncomplicated firewall...
[   50.607636] systemd[1]: Starting Journal Service...
         Starting Journal Service...
[   50.755347] systemd[1]: Starting Nameserver information manager...
         Starting Nameserver information manager...
[   50.827402] systemd[1]: Mounting Debug File System...
         Mounting Debug File System...
[   50.891740] systemd[1]: Starting Remount Root and Kernel File Systems...
         Starting Remount Root and Kernel File Systems...
[   50.973451] EXT4-fs (sda1): re-mounted. Opts: (null)
[   51.012659] systemd[1]: Mounting POSIX Message Queue File System...
         Mounting POSIX Message Queue File System...
[   51.163136] systemd[1]: Starting Monitoring of LVM2 mirrors, snapshots etc. using dmeventd or progress polling...
         Starting Monitoring of LVM2 mirrors... dmeventd or progress polling...
[   51.199524] systemd[1]: Starting Set console keymap...
         Starting Set console keymap...
[   51.255136] systemd[1]: Listening on udev Control Socket.
[[0;32m  OK  [0m] Listening on udev Control Socket.
[   51.448324] systemd[1]: Mounted POSIX Message Queue File System.
[[0;32m  OK  [0m] Mounted POSIX Message Queue File System.
[   51.659787] systemd[1]: Mounted Huge Pages File System.
[[0;32m  OK  [0m] Mounted Huge Pages File System.
[   51.835311] systemd[1]: Mounted Debug File System.
[[0;32m  OK  [0m] Mounted Debug File System.
[   51.999850] systemd[1]: Started Journal Service.
[[0;32m  OK  [0m] Started Journal Service.
[[0;32m  OK  [0m] Started Load Kernel Modules.
[[0;32m  OK  [0m] Started Create list of required sta...ce nodes for the current kernel.
[[0;32m  OK  [0m] Started Uncomplicated firewall.
[[0;32m  OK  [0m] Started Remount Root and Kernel File Systems.
[[0;32m  OK  [0m] Started Set console keymap.
[[0;32m  OK  [0m] Started Nameserver information manager.
[[0;32m  OK  [0m] Started LVM2 metadata daemon.
         Starting udev Coldplug all Devices...
         Starting Initial cloud-init job (pre-networking)...
         Starting Load/Save Random Seed...
         Starting Create Static Device Nodes in /dev...
         Starting Apply Kernel Variables...
         Mounting FUSE Control File System...
         Starting Flush Journal to Persistent Storage...
[[0;32m  OK  [0m] Mounted FUSE Control File System.
[[0;32m  OK  [0m] Started Load/Save Random Seed.
[[0;32m  OK  [0m] Started Create Static Device Nodes in /dev.
[[0;32m  OK  [0m] Started Monitoring of LVM2 mirrors,...ng dmeventd or progress polling.
[[0;32m  OK  [0m] Started Apply Kernel Variables.
[[0;32m  OK  [0m] Started udev Coldplug all Devices.
[[0;32m  OK  [0m] Started Flush Journal to Persistent Storage.
[   30.648831] cloud-init[447]: Cloud-init v. 0.7.9 running 'init-local' at Wed, 19 Apr 2017 21:52:17 +0000. Up 30.48 seconds.
[[0;32m  OK  [0m] Started Initial cloud-init job (pre-networking).
[[0;32m  OK  [0m] Reached target Network (Pre).
         Starting udev Kernel Device Manager...
[[0;32m  OK  [0m] Started udev Kernel Device Manager.
[[0;32m  OK  [0m] Reached target Local File Systems (Pre).
[[0;32m  OK  [0m] Reached target Local File Systems.
         Starting Create Volatile Files and Directories...
         Starting Set console font and keymap...
         Starting LSB: AppArmor initialization...
         Starting Tell Plymouth To Write Out Runtime Data...
[[0;32m  OK  [0m] Started Dispatch Password Requests to Console Directory Watch.
[[0;32m  OK  [0m] Started Create Volatile Files and Directories.
[[0;32m  OK  [0m] Started Set console font and keymap.
[[0;32m  OK  [0m] Started Tell Plymouth To Write Out Runtime Data.
[[0;32m  OK  [0m] Found device /dev/ttyS0.
[[0;32m  OK  [0m] Listening on Load/Save RF Kill Switch Status /dev/rfkill Watch.
[[0;32m  OK  [0m] Created slice system-getty.slice.
[[0;32m  OK  [0m] Reached target System Time Synchronized.
         Starting Update UTMP about System Boot/Shutdown...
[[0;32m  OK  [0m] Started LSB: AppArmor initialization.
[[0;32m  OK  [0m] Started ifup for enp0s3.
[[0;32m  OK  [0m] Started ifup for enp0s8.
         Starting Raise network interfaces...
[[0;32m  OK  [0m] Started Update UTMP about System Boot/Shutdown.
[[0;32m  OK  [0m] Started Raise network interfaces.
         Starting Initial cloud-init job (metadata service crawler)...
[[0;32m  OK  [0m] Reached target Network.
[   34.540523] cloud-init[1041]: Cloud-init v. 0.7.9 running 'init' at Wed, 19 Apr 2017 21:52:21 +0000. Up 34.38 seconds.
[   34.649184] [cloud-init[0;32m  OK  [0m[1041]: ] ci-info: ++++++++++++++++++++++++++++++++++++++Net device info++++++++++++++++++++++++++++++++++++++Started Initial cloud-init job (metadata service crawler).

[   34.649626] cloud-init[1041]: ci-info: +--------+------+-----------------------------+---------------+-------+-------------------+
[   34.884777] [cloud-init[0;32m  OK  [0m[1041]: ] ci-info: | Device |  Up  |           Address           |      Mask     | Scope |     Hw-Address    |Reached target Network is Online.

[   34.885227] cloud-init[1041]: ci-info: +--------+------+-----------------------------+---------------+-------+-------------------+
[   35.124789]          cloud-initStarting iSCSI initiator daemon (iscsid)...[1041]: 
ci-info: |   lo   | True |          127.0.0.1          |   255.0.0.0   |   .   |         .         |
[   35.260242] [cloud-init[0;32m  OK  [0m[1041]: ] ci-info: |   lo   | True |           ::1/128           |       .       |  host |         .         |Reached target System Initialization.

[   35.260749] cloud-init[1041]: ci-info: | enp0s8 | True |        192.168.33.100       | 255.255.255.0 |   .   | 08:00:27:a2:50:36 |
[   35.460709] [cloud-init[0;32m  OK  [0m[1041]: ] ci-info: | enp0s8 | True | fe80::a00:27ff:fea2:5036/64 |       .       |  link | 08:00:27:a2:50:36 |Started ACPI Events Check.

[   35.461163] cloud-init[1041]: ci-info: | enp0s3 | True |          10.0.2.15          | 255.255.255.0 |   .   | 02:ed:55:e6:81:b9 |
[   35.620221]          Starting LXD - unix socket.
         Starting Socket activation for snappy daemon.
[[0;32m  OK  [0m] Started Daily Cleanup of Temporary Directories.
cloud-init[1041]: ci-info: | enp0s3 | True |  fe80::ed:55ff:fee6:81b9/64 |       .       |  link | 02:ed:55:e6:81:b9 |
[   35.690889] [cloud-init[0;32m  OK  [0m[1041]: ] ci-info: +--------+------+-----------------------------+---------------+-------+-------------------+Started Timer to automatically refresh installed snaps.

[[0;32m  OK  [0m] Listening on ACPID Listen Socket.
[[0;32m  OK  [0m] Started Daily apt activities.
[   35.691218] cloud-init[1041]: ci-info: ++++++++++++++++++++++++++++Route IPv4 info++++++++++++++++++++++++++++
[[0;32m  OK  [0m] Reached target Timers.
[[0;32m  OK  [0m] Listening on D-Bus System Message Bus Socket.
[[0;32m  OK  [0m] Started Trigger resolvconf update for networkd DNS.
[   35.776995] cloud-init[1041]: ci-info: +-------+--------------+----------+---------------+-----------+-------+
[   36.044306] [cloud-init[0;32m  OK  [0m[1041]: ] ci-info: | Route | Destination  | Gateway  |    Genmask    | Interface | Flags |Reached target Paths.

[[0;32m  OK  [0m] Listening on UUID daemon activation socket.
[[0;32m  OK  [0m] Reached target Cloud-config availability.
[   36.044678] cloud-init[1041]: ci-info: +-------+--------------+----------+---------------+-----------+-------+
[   36.192368] [cloud-init[0;32m  OK  [0m[1041]: ] ci-info: |   0   |   0.0.0.0    | 10.0.2.2 |    0.0.0.0    |   enp0s3  |   UG  |Listening on LXD - unix socket.

[   36.272665] [cloud-init[0;32m  OK  [0m[1041]: ] ci-info: |   1   |   10.0.2.0   | 0.0.0.0  | 255.255.255.0 |   enp0s3  |   U   |Listening on Socket activation for snappy daemon.

[[0;32m  OK  [0m] Started iSCSI initiator daemon (iscsid).
[   36.273043] cloud-init[1041]: ci-info: |   2   | 192.168.33.0 | 0.0.0.0  | 255.255.255.0 |   enp0s8  |   U   |
[   36.424866]          cloud-initStarting Login to default iSCSI targets...[1041]: 
ci-info: +-------+--------------+----------+---------------+-----------+-------+
[[0;32m  OK  [0m] Reached target Sockets.
[[0;32m  OK  [0m] Reached target Basic System.
[[0;32m  OK  [0m] Started D-Bus System Message Bus.
[[0;32m  OK  [0m] Started ACPI event daemon.
         Starting Login Service...
         Starting Accounts Service...
         Starting LSB: Record successful boot for GRUB...
         Starting System Logging Service...
         Starting Apply the settings specified in cloud-config...
[[0;32m  OK  [0m] Started FUSE filesystem for LXC.
[[0;32m  OK  [0m] Started Regular background program processing daemon.
         Starting /etc/rc.local Compatibility...
[[0;32m  OK  [0m] Started Snappy daemon.
         Starting Auto import assertions from block devices...
[   37.068720] cloud-init[1121]: Cloud-init v. 0.7.9 running 'modules:config' at Wed, 19 Apr 2017 21:52:24 +0000. Up 36.98 seconds.
         Starting OpenBSD Secure Shell server...
         Starting LSB: MD monitoring daemon...
[[0;32m  OK  [0m] Started Deferred execution scheduler.
         Starting LXD - container startup/shutdown...
[[0;32m  OK  [0m] Started System Logging Service.
[[0;32m  OK  [0m] Started OpenBSD Secure Shell server.
[[0;32m  OK  [0m] Started Apply the settings specified in cloud-config.
[[0;32m  OK  [0m] Started /etc/rc.local Compatibility.
[[0;32m  OK  [0m] Started Auto import assertions from block devices.
[[0;32m  OK  [0m] Started LXD - container startup/shutdown.
[[0;32m  OK  [0m] Started LSB: Record successful boot for GRUB.
[[0;32m  OK  [0m] Started Login to default iSCSI targets.
[[0;32m  OK  [0m] Started LSB: MD monitoring daemon.
[[0;32m  OK  [0m] Started Login Service.
         Starting Authenticate and Authorize Users to Run Privileged Tasks...
[[0;32m  OK  [0m] Reached target Remote File Systems (Pre).
[[0;32m  OK  [0m] Reached target Remote File Systems.
         Starting Permit User Sessions...
         Starting LSB: Set the CPU Frequency Scaling governor to "ondemand"...
         Starting LSB: daemon to balance interrupts for SMP systems...
         Starting LSB: VirtualBox Linux Additions...
         Starting LSB: automatic crash report generation...
[[0;32m  OK  [0m] Started Permit User Sessions.
[[0;32m  OK  [0m] Started Authenticate and Authorize Users to Run Privileged Tasks.
[[0;32m  OK  [0m] Started Accounts Service.
[[0;32m  OK  [0m] Started LSB: Set the CPU Frequency Scaling governor to "ondemand".
[[0;32m  OK  [0m] Started LSB: daemon to balance interrupts for SMP systems.
[[0;32m  OK  [0m] Started LSB: VirtualBox Linux Additions.
[[0;32m  OK  [0m] Created slice User Slice of ubuntu.
         Starting User Manager for UID 1000...
[[0;32m  OK  [0m] Started Session 1 of user ubuntu.
         Starting Terminate Plymouth Boot Screen...
         Starting Hold until boot process finishes up...
[[0;32m  OK  [0m] Started User Manager for UID 1000.
[[0;32m  OK  [0m] Started LSB: automatic crash report generation.
[[0;32m  OK  [0m] Started Terminate Plymouth Boot Screen.
[[0;32m  OK  [0m] Started Hold until boot process finishes up.
         Starting Set console scheme...
[[0;32m  OK  [0m] Started Serial Getty on ttyS0.
[[0;32m  OK  [0m] Started Getty on tty1.
[[0;32m  OK  [0m] Reached target Login Prompts.
[[0;32m  OK  [0m] Reached target Multi-User System.
         Starting Execute cloud user/final scripts...
[[0;32m  OK  [0m] Reached target Graphical Interface.
         Starting Update UTMP about System Runlevel Changes...
[[0;32m  OK  [0m] Started Set console scheme.
[[0;32m  OK  [0m] Started Update UTMP about System Runlevel Changes.
[   39.200546] [cloud-init[0;32m  OK  [0m[1285]: ] Cloud-init v. 0.7.9 running 'modules:final' at Wed, 19 Apr 2017 21:52:26 +0000. Up 39.12 seconds.Started Execute cloud user/final scripts.

[   39.392307] [cloud-init[0;32m  OK  [0m[1285]: ] Cloud-init v. 0.7.9 finished at Wed, 19 Apr 2017 21:52:26 +0000. Datasource DataSourceNoCloud [seed=/dev/sdb][dsmode=net].  Up 39.19 secondsReached target Cloud-init target.


Ubuntu 16.04.2 LTS control ttyS0

control login: 